// Jest Snapshot v1, https://goo.gl/fbAQLP

exports[`Welcome renders 1`] = `
<h1>
  Welcome!
</h1>
`;
